Archive member included to satisfy reference by file (symbol)

d:/ac6/systemworkbench/plugins/fr.ac6.mcu.externaltools.arm-none.win32_1.16.0.201807130628/tools/compiler/bin/../lib/gcc/arm-none-eabi/7.2.1/../../../../arm-none-eabi/lib/thumb/v7-m\libc.a(lib_a-errno.o)
                              src/syscalls.o (__errno)
d:/ac6/systemworkbench/plugins/fr.ac6.mcu.externaltools.arm-none.win32_1.16.0.201807130628/tools/compiler/bin/../lib/gcc/arm-none-eabi/7.2.1/../../../../arm-none-eabi/lib/thumb/v7-m\libc.a(lib_a-exit.o)
                              d:/ac6/systemworkbench/plugins/fr.ac6.mcu.externaltools.arm-none.win32_1.16.0.201807130628/tools/compiler/bin/../lib/gcc/arm-none-eabi/7.2.1/../../../../arm-none-eabi/lib/thumb/v7-m/crt0.o (exit)
d:/ac6/systemworkbench/plugins/fr.ac6.mcu.externaltools.arm-none.win32_1.16.0.201807130628/tools/compiler/bin/../lib/gcc/arm-none-eabi/7.2.1/../../../../arm-none-eabi/lib/thumb/v7-m\libc.a(lib_a-impure.o)
                              d:/ac6/systemworkbench/plugins/fr.ac6.mcu.externaltools.arm-none.win32_1.16.0.201807130628/tools/compiler/bin/../lib/gcc/arm-none-eabi/7.2.1/../../../../arm-none-eabi/lib/thumb/v7-m\libc.a(lib_a-exit.o) (_global_impure_ptr)
d:/ac6/systemworkbench/plugins/fr.ac6.mcu.externaltools.arm-none.win32_1.16.0.201807130628/tools/compiler/bin/../lib/gcc/arm-none-eabi/7.2.1/../../../../arm-none-eabi/lib/thumb/v7-m\libc.a(lib_a-init.o)
                              d:/ac6/systemworkbench/plugins/fr.ac6.mcu.externaltools.arm-none.win32_1.16.0.201807130628/tools/compiler/bin/../lib/gcc/arm-none-eabi/7.2.1/../../../../arm-none-eabi/lib/thumb/v7-m/crt0.o (__libc_init_array)
d:/ac6/systemworkbench/plugins/fr.ac6.mcu.externaltools.arm-none.win32_1.16.0.201807130628/tools/compiler/bin/../lib/gcc/arm-none-eabi/7.2.1/../../../../arm-none-eabi/lib/thumb/v7-m\libc.a(lib_a-memcpy.o)
                              src/lcd_controller.o (memcpy)
d:/ac6/systemworkbench/plugins/fr.ac6.mcu.externaltools.arm-none.win32_1.16.0.201807130628/tools/compiler/bin/../lib/gcc/arm-none-eabi/7.2.1/../../../../arm-none-eabi/lib/thumb/v7-m\libc.a(lib_a-memset.o)
                              d:/ac6/systemworkbench/plugins/fr.ac6.mcu.externaltools.arm-none.win32_1.16.0.201807130628/tools/compiler/bin/../lib/gcc/arm-none-eabi/7.2.1/../../../../arm-none-eabi/lib/thumb/v7-m/crt0.o (memset)
d:/ac6/systemworkbench/plugins/fr.ac6.mcu.externaltools.arm-none.win32_1.16.0.201807130628/tools/compiler/bin/../lib/gcc/arm-none-eabi/7.2.1/../../../../arm-none-eabi/lib/thumb/v7-m\libc.a(lib_a-__call_atexit.o)
                              d:/ac6/systemworkbench/plugins/fr.ac6.mcu.externaltools.arm-none.win32_1.16.0.201807130628/tools/compiler/bin/../lib/gcc/arm-none-eabi/7.2.1/../../../../arm-none-eabi/lib/thumb/v7-m\libc.a(lib_a-exit.o) (__call_exitprocs)
d:/ac6/systemworkbench/plugins/fr.ac6.mcu.externaltools.arm-none.win32_1.16.0.201807130628/tools/compiler/bin/../lib/gcc/arm-none-eabi/7.2.1/../../../../arm-none-eabi/lib/thumb/v7-m\libc.a(lib_a-atexit.o)
                              d:/ac6/systemworkbench/plugins/fr.ac6.mcu.externaltools.arm-none.win32_1.16.0.201807130628/tools/compiler/bin/../lib/gcc/arm-none-eabi/7.2.1/../../../../arm-none-eabi/lib/thumb/v7-m\libc.a(lib_a-__call_atexit.o) (atexit)
d:/ac6/systemworkbench/plugins/fr.ac6.mcu.externaltools.arm-none.win32_1.16.0.201807130628/tools/compiler/bin/../lib/gcc/arm-none-eabi/7.2.1/../../../../arm-none-eabi/lib/thumb/v7-m\libc.a(lib_a-fini.o)
                              d:/ac6/systemworkbench/plugins/fr.ac6.mcu.externaltools.arm-none.win32_1.16.0.201807130628/tools/compiler/bin/../lib/gcc/arm-none-eabi/7.2.1/../../../../arm-none-eabi/lib/thumb/v7-m\libc.a(lib_a-__call_atexit.o) (__libc_fini_array)
d:/ac6/systemworkbench/plugins/fr.ac6.mcu.externaltools.arm-none.win32_1.16.0.201807130628/tools/compiler/bin/../lib/gcc/arm-none-eabi/7.2.1/../../../../arm-none-eabi/lib/thumb/v7-m\libc.a(lib_a-lock.o)
                              d:/ac6/systemworkbench/plugins/fr.ac6.mcu.externaltools.arm-none.win32_1.16.0.201807130628/tools/compiler/bin/../lib/gcc/arm-none-eabi/7.2.1/../../../../arm-none-eabi/lib/thumb/v7-m\libc.a(lib_a-__call_atexit.o) (__retarget_lock_acquire_recursive)
d:/ac6/systemworkbench/plugins/fr.ac6.mcu.externaltools.arm-none.win32_1.16.0.201807130628/tools/compiler/bin/../lib/gcc/arm-none-eabi/7.2.1/../../../../arm-none-eabi/lib/thumb/v7-m\libc.a(lib_a-__atexit.o)
                              d:/ac6/systemworkbench/plugins/fr.ac6.mcu.externaltools.arm-none.win32_1.16.0.201807130628/tools/compiler/bin/../lib/gcc/arm-none-eabi/7.2.1/../../../../arm-none-eabi/lib/thumb/v7-m\libc.a(lib_a-atexit.o) (__register_exitproc)

Allocating common symbols
Common symbol       size              file

tim                 0xa               src/help_library.o
__lock___atexit_recursive_mutex
[...]
Memory Configuration

Name             Origin             Length             Attributes
FLASH            0x08002000         0x0001e000         xr
RAM              0x20000c00         0x00004400         xrw
MEMORY_B1        0x60000000         0x00000000         xr
*default*        0x00000000         0xffffffff

Linker script and memory map

LOAD d:/ac6/systemworkbench/plugins/fr.ac6.mcu.externaltools.arm-none.win32_1.16.0.201807130628/tools/compiler/bin/../lib/gcc/arm-none-eabi/7.2.1/thumb/v7-m/crti.o
LOAD d:/ac6/systemworkbench/plugins/fr.ac6.mcu.externaltools.arm-none.win32_1.16.0.201807130628/tools/compiler/bin/../lib/gcc/arm-none-eabi/7.2.1/thumb/v7-m/crtbegin.o
LOAD d:/ac6/systemworkbench/plugins/fr.ac6.mcu.externaltools.arm-none.win32_1.16.0.201807130628/tools/compiler/bin/../lib/gcc/arm-none-eabi/7.2.1/../../../../arm-none-eabi/lib/thumb/v7-m/crt0.o
LOAD StdPeriph_Driver/src/misc.o
LOAD StdPeriph_Driver/src/stm32f10x_adc.o
LOAD StdPeriph_Driver/src/stm32f10x_bkp.o
LOAD StdPeriph_Driver/src/stm32f10x_can.o
LOAD StdPeriph_Driver/src/stm32f10x_cec.o
LOAD StdPeriph_Driver/src/stm32f10x_crc.o
LOAD StdPeriph_Driver/src/stm32f10x_dac.o
LOAD StdPeriph_Driver/src/stm32f10x_dbgmcu.o
LOAD StdPeriph_Driver/src/stm32f10x_dma.o
LOAD StdPeriph_Driver/src/stm32f10x_exti.o
LOAD StdPeriph_Driver/src/stm32f10x_flash.o
LOAD StdPeriph_Driver/src/stm32f10x_fsmc.o
LOAD StdPeriph_Driver/src/stm32f10x_gpio.o
LOAD StdPeriph_Driver/src/stm32f10x_i2c.o
LOAD StdPeriph_Driver/src/stm32f10x_iwdg.o
LOAD StdPeriph_Driver/src/stm32f10x_pwr.o
LOAD StdPeriph_Driver/src/stm32f10x_rcc.o
LOAD StdPeriph_Driver/src/stm32f10x_rtc.o
LOAD StdPeriph_Driver/src/stm32f10x_sdio.o
LOAD StdPeriph_Driver/src/stm32f10x_spi.o
LOAD StdPeriph_Driver/src/stm32f10x_tim.o
LOAD StdPeriph_Driver/src/stm32f10x_usart.o
LOAD StdPeriph_Driver/src/stm32f10x_wwdg.o
LOAD Utilities/STM32F1xx-Nucleo/stm32f1xx_nucleo.o
LOAD src/Initializations.o
LOAD src/font.o
LOAD src/help_library.o
LOAD src/lcd_controller.o
LOAD src/main.o
LOAD src/modbus.o
LOAD src/syscalls.o
LOAD src/system_stm32f10x.o
LOAD startup/startup_stm32f10x_md.o
LOAD d:/ac6/systemworkbench/plugins/fr.ac6.mcu.externaltools.arm-none.win32_1.16.0.201807130628/tools/compiler/bin/../lib/gcc/arm-none-eabi/7.2.1/../../../../arm-none-eabi/lib/thumb/v7-m\libm.a
START GROUP
LOAD d:/ac6/systemworkbench/plugins/fr.ac6.mcu.externaltools.arm-none.win32_1.16.0.201807130628/tools/compiler/bin/../lib/gcc/arm-none-eabi/7.2.1/thumb/v7-m\libgcc.a
LOAD d:/ac6/systemworkbench/plugins/fr.ac6.mcu.externaltools.arm-none.win32_1.16.0.201807130628/tools/compiler/bin/../lib/gcc/arm-none-eabi/7.2.1/../../../../arm-none-eabi/lib/thumb/v7-m\libc.a
END GROUP
LOAD d:/ac6/systemworkbench/plugins/fr.ac6.mcu.externaltools.arm-none.win32_1.16.0.201807130628/tools/compiler/bin/../lib/gcc/arm-none-eabi/7.2.1/thumb/v7-m/crtend.o
LOAD d:/ac6/systemworkbench/plugins/fr.ac6.mcu.externaltools.arm-none.win32_1.16.0.201807130628/tools/compiler/bin/../lib/gcc/arm-none-eabi/7.2.1/thumb/v7-m/crtn.o
                0x20005000                _estack = 0x20005000
                0x00000000                _Min_Heap_Size = 0x0
                0x00000100                _Min_Stack_Size = 0x100

.isr_vector     0x08002000      0x10c
                0x08002000                . = ALIGN (0x4)
 *(.isr_vector)
 .isr_vector    0x08002000      0x10c startup/startup_stm32f10x_md.o
                0x08002000                g_pfnVectors
                0x0800210c                . = ALIGN (0x4)

.text           0x0800210c     0x2cd4
                0x0800210c                . = ALIGN (0x4)
 *(.text)
 .text          0x0800210c       0x40 d:/ac6/systemworkbench/plugins/fr.ac6.mcu.externaltools.arm-none.win32_1.16.0.201807130628/tools/compiler/bin/../lib/gcc/arm-none-eabi/7.2.1/thumb/v7-m/crtbegin.o
 .text          0x0800214c       0xec d:/ac6/systemworkbench/plugins/fr.ac6.mcu.externaltools.arm-none.win32_1.16.0.201807130628/tools/compiler/bin/../lib/gcc/arm-none-eabi/7.2.1/../../../../arm-none-eabi/lib/thumb/v7-m\libc.a(lib_a-memcpy.o)
                0x0800214c                memcpy
 *(.text*)
 .text.ADC_Init
                0x08002238       0xa4 StdPeriph_Driver/src/stm32f10x_adc.o
                0x08002238                ADC_Init
 .text.ADC_StructInit
                0x080022dc       0x36 StdPeriph_Driver/src/stm32f10x_adc.o
                0x080022dc                ADC_StructInit
 .text.ADC_Cmd  0x08002312       0x36 StdPeriph_Driver/src/stm32f10x_adc.o
                0x08002312                ADC_Cmd
 .text.ADC_ResetCalibration
                0x08002348       0x1e StdPeriph_Driver/src/stm32f10x_adc.o
                0x08002348                ADC_ResetCalibration
 .text.ADC_GetResetCalibrationStatus
                0x08002366       0x2e StdPeriph_Driver/src/stm32f10x_adc.o
                0x08002366                ADC_GetResetCalibrationStatus
 .text.ADC_StartCalibration
                0x08002394       0x1e StdPeriph_Driver/src/stm32f10x_adc.o
                0x08002394                ADC_StartCalibration
 .text.ADC_GetCalibrationStatus
                0x080023b2       0x2e StdPeriph_Driver/src/stm32f10x_adc.o
                0x080023b2                ADC_GetCalibrationStatus
 .text.ADC_SoftwareStartConvCmd
                0x080023e0       0x36 StdPeriph_Driver/src/stm32f10x_adc.o
                0x080023e0                ADC_SoftwareStartConvCmd
 .text.ADC_RegularChannelConfig
                0x08002416      0x192 StdPeriph_Driver/src/stm32f10x_adc.o
                0x08002416                ADC_RegularChannelConfig
 .text.ADC_GetConversionValue
                0x080025a8       0x18 StdPeriph_Driver/src/stm32f10x_adc.o
                0x080025a8                ADC_GetConversionValue
 .text.ADC_GetFlagStatus
                0x080025c0       0x32 StdPeriph_Driver/src/stm32f10x_adc.o
                0x080025c0                ADC_GetFlagStatus
 .text.GPIO_Init
                0x080025f2      0x178 StdPeriph_Driver/src/stm32f10x_gpio.o
                0x080025f2                GPIO_Init
 .text.GPIO_StructInit
                0x0800276a       0x26 StdPeriph_Driver/src/stm32f10x_gpio.o
                0x0800276a                GPIO_StructInit
 .text.GPIO_ReadInputDataBit
                0x08002790       0x32 StdPeriph_Driver/src/stm32f10x_gpio.o
                0x08002790                GPIO_ReadInputDataBit
 .text.GPIO_SetBits
                0x080027c2       0x1c StdPeriph_Driver/src/stm32f10x_gpio.o
                0x080027c2                GPIO_SetBits
 .text.GPIO_ResetBits
                0x080027de       0x1c StdPeriph_Driver/src/stm32f10x_gpio.o
                0x080027de                GPIO_ResetBits
 *fill*         0x080027fa        0x2 
 .text.GPIO_EXTILineConfig
                0x080027fc       0x80 StdPeriph_Driver/src/stm32f10x_gpio.o
                0x080027fc                GPIO_EXTILineConfig
 .text.RCC_ADCCLKConfig
                0x0800287c       0x38 StdPeriph_Driver/src/stm32f10x_rcc.o
                0x0800287c                RCC_ADCCLKConfig
 .text.RCC_GetClocksFreq
                0x080028b4      0x160 StdPeriph_Driver/src/stm32f10x_rcc.o
                0x080028b4                RCC_GetClocksFreq
 .text.RCC_APB2PeriphClockCmd
                0x08002a14       0x3c StdPeriph_Driver/src/stm32f10x_rcc.o
                0x08002a14                RCC_APB2PeriphClockCmd
 .text.RCC_APB1PeriphClockCmd
                0x08002a50       0x3c StdPeriph_Driver/src/stm32f10x_rcc.o
                0x08002a50                RCC_APB1PeriphClockCmd
 .text.SPI_Init
                0x08002a8c       0x86 StdPeriph_Driver/src/stm32f10x_spi.o
                0x08002a8c                SPI_Init
 .text.SPI_StructInit
                0x08002b12       0x48 StdPeriph_Driver/src/stm32f10x_spi.o
                0x08002b12                SPI_StructInit
 .text.SPI_Cmd  0x08002b5a       0x3e StdPeriph_Driver/src/stm32f10x_spi.o
                0x08002b5a                SPI_Cmd
 .text.SPI_I2S_SendData
                0x08002b98       0x1c StdPeriph_Driver/src/stm32f10x_spi.o
                0x08002b98                SPI_I2S_SendData
 .text.SPI_I2S_ReceiveData
                0x08002bb4       0x18 StdPeriph_Driver/src/stm32f10x_spi.o
                0x08002bb4                SPI_I2S_ReceiveData
 .text.SPI_I2S_GetFlagStatus
                0x08002bcc       0x36 StdPeriph_Driver/src/stm32f10x_spi.o
                0x08002bcc                SPI_I2S_GetFlagStatus
 .text.TIM_GetITStatus
                0x08002c02       0x52 StdPeriph_Driver/src/stm32f10x_tim.o
                0x08002c02                TIM_GetITStatus
 .text.TIM_ClearITPendingBit
                0x08002c54       0x20 StdPeriph_Driver/src/stm32f10x_tim.o
                0x08002c54                TIM_ClearITPendingBit
 .text.USART_Init
                0x08002c74      0x174 StdPeriph_Driver/src/stm32f10x_usart.o
                0x08002c74                USART_Init
 .text.USART_StructInit
                0x08002de8       0x38 StdPeriph_Driver/src/stm32f10x_usart.o
                0x08002de8                USART_StructInit
 .text.USART_Cmd
                0x08002e20       0x3e StdPeriph_Driver/src/stm32f10x_usart.o
                0x08002e20                USART_Cmd
 .text.USART_SendData
                0x08002e5e       0x22 StdPeriph_Driver/src/stm32f10x_usart.o
                0x08002e5e                USART_SendData
 .text.USART_ReceiveData
                0x08002e80       0x1e StdPeriph_Driver/src/stm32f10x_usart.o
                0x08002e80                USART_ReceiveData
 .text.USART_GetFlagStatus
                0x08002e9e       0x36 StdPeriph_Driver/src/stm32f10x_usart.o
                0x08002e9e                USART_GetFlagStatus
 .text.NVIC_SetPriority
                0x08002ed4       0x54 src/help_library.o
 .text.SysTick_Config
                0x08002f28       0x44 src/help_library.o
 .text.SysTick_Handler
                0x08002f6c       0x24 src/help_library.o
                0x08002f6c                SysTick_Handler
 .text.TIM2_IRQHandler
                0x08002f90       0xa0 src/help_library.o
                0x08002f90                TIM2_IRQHandler
 .text.set_after_bootloader
                0x08003030       0x30 src/help_library.o
                0x08003030                set_after_bootloader
 .text.set_pin_out
                0x08003060       0x88 src/help_library.o
                0x08003060                set_pin_out
 .text.set_pin_in
                0x080030e8       0x80 src/help_library.o
                0x080030e8                set_pin_in
 .text.set_delay
                0x08003168       0x2c src/help_library.o
                0x08003168                set_delay
 .text.set_usart2
                0x08003194       0x80 src/help_library.o
                0x08003194                set_usart2
 .text.set_ADC1
                0x08003214       0x98 src/help_library.o
                0x08003214                set_ADC1
 .text.adc_read
                0x080032ac       0x44 src/help_library.o
                0x080032ac                adc_read
 .text.send_char
                0x080032f0       0x34 src/help_library.o
                0x080032f0                send_char
 .text.spi_sendrecv
                0x08003324       0x4c src/lcd_controller.o
 .text.lcd_cmd  0x08003370       0x30 src/lcd_controller.o
 .text.lcd_setup
                0x080033a0       0x3c src/lcd_controller.o
                0x080033a0                lcd_setup
 .text.lcd_clear
                0x080033dc       0x18 src/lcd_controller.o
                0x080033dc                lcd_clear
 .text.lcd_draw_bitmap
                0x080033f4       0x28 src/lcd_controller.o
                0x080033f4                lcd_draw_bitmap
 .text.lcd_copy
                0x0800341c       0x50 src/lcd_controller.o
                0x0800341c                lcd_copy
 .text.main     0x0800346c      0x40c src/main.o
                0x0800346c                main
 .text.NVIC_SystemReset
                0x08003878       0x28 src/modbus.o
 .text.unlock_flash
                0x080038a0       0x7c src/modbus.o
                0x080038a0                unlock_flash
 .text.lock_flash
                0x0800391c       0x28 src/modbus.o
                0x0800391c                lock_flash
 .text.write_holding_register
                0x08003944       0x24 src/modbus.o
                0x08003944                write_holding_register
 .text.get_discrete_input
                0x08003968       0x54 src/modbus.o
                0x08003968                get_discrete_input
 .text.get_bit  0x080039bc       0x2a src/modbus.o
                0x080039bc                get_bit
 *fill*         0x080039e6        0x2 
 .text.get_coil
                0x080039e8       0x54 src/modbus.o
                0x080039e8                get_coil
 .text.write_coil
                0x08003a3c      0x164 src/modbus.o
                0x08003a3c                write_coil
 .text.fc_read_coils
                0x08003ba0      0x180 src/modbus.o
                0x08003ba0                fc_read_coils
 .text.fc_read_discrete_inputs
                0x08003d20      0x17c src/modbus.o
                0x08003d20                fc_read_discrete_inputs
 .text.fc_read_holding_registers
                0x08003e9c       0xdc src/modbus.o
                0x08003e9c                fc_read_holding_registers
 .text.fc_read_input_registers
                0x08003f78       0xdc src/modbus.o
                0x08003f78                fc_read_input_registers
 .text.fc_write_single_register
                0x08004054       0xc8 src/modbus.o
                0x08004054                fc_write_single_register
 .text.fc_write_single_coil
                0x0800411c       0xd4 src/modbus.o
                0x0800411c                fc_write_single_coil
 .text.fc_write_multiple_register
                0x080041f0      0x148 src/modbus.o
                0x080041f0                fc_write_multiple_register
 .text.fc_write_multiple_coil
                0x08004338      0x194 src/modbus.o
                0x08004338                fc_write_multiple_coil
 .text.fc_update_firmaware
                0x080044cc       0x34 src/modbus.o
                0x080044cc                fc_update_firmaware
 .text.check_CRC_sum
                0x08004500       0x5c src/modbus.o
                0x08004500                check_CRC_sum
 .text.read_rpi_request
                0x0800455c      0x198 src/modbus.o
                0x0800455c                read_rpi_request
 .text.read_modbus_request
                0x080046f4      0x2cc src/modbus.o
                0x080046f4                read_modbus_request
 .text.get_device_address
                0x080049c0        0xe src/modbus.o
                0x080049c0                get_device_address
 *fill*         0x080049ce        0x2 
 .text.send_bufor_response
                0x080049d0       0x40 src/modbus.o
                0x080049d0                send_bufor_response
 .text.CRC16    0x08004a10       0x54 src/modbus.o
                0x08004a10                CRC16
 .text.SystemInit
                0x08004a64       0x68 src/system_stm32f10x.o
                0x08004a64                SystemInit
 .text.SetSysClock
                0x08004acc       0xb8 src/system_stm32f10x.o
 .text.Reset_Handler
                0x08004b84       0x48 startup/startup_stm32f10x_md.o
                0x08004b84                Reset_Handler
 .text.Default_Handler
                0x08004bcc        0x2 startup/startup_stm32f10x_md.o
                0x08004bcc                EXTI2_IRQHandler
                0x08004bcc                DebugMon_Handler
                0x08004bcc                TIM1_CC_IRQHandler
                0x08004bcc                HardFault_Handler
                0x08004bcc                PVD_IRQHandler
                0x08004bcc                PendSV_Handler
                0x08004bcc                NMI_Handler
                0x08004bcc                EXTI3_IRQHandler
                0x08004bcc                EXTI0_IRQHandler
                0x08004bcc                I2C2_EV_IRQHandler
                0x08004bcc                UsageFault_Handler
                0x08004bcc                ADC1_2_IRQHandler
                0x08004bcc                SPI1_IRQHandler
                0x08004bcc                TAMPER_IRQHandler
                0x08004bcc                DMA1_Channel4_IRQHandler
                0x08004bcc                USART3_IRQHandler
                0x08004bcc                RTC_IRQHandler
                0x08004bcc                DMA1_Channel7_IRQHandler
                0x08004bcc                CAN1_RX1_IRQHandler
                0x08004bcc                TIM4_IRQHandler
                0x08004bcc                I2C1_EV_IRQHandler
                0x08004bcc                DMA1_Channel6_IRQHandler
                0x08004bcc                TIM3_IRQHandler
                0x08004bcc                RCC_IRQHandler
                0x08004bcc                TIM1_TRG_COM_IRQHandler
                0x08004bcc                DMA1_Channel1_IRQHandler
                0x08004bcc                Default_Handler
                0x08004bcc                EXTI15_10_IRQHandler
                0x08004bcc                EXTI9_5_IRQHandler
                0x08004bcc                SPI2_IRQHandler
                0x08004bcc                MemManage_Handler
                0x08004bcc                SVC_Handler
                0x08004bcc                DMA1_Channel5_IRQHandler
                0x08004bcc                EXTI4_IRQHandler
                0x08004bcc                USB_LP_CAN1_RX0_IRQHandler
                0x08004bcc                USB_HP_CAN1_TX_IRQHandler
                0x08004bcc                DMA1_Channel3_IRQHandler
                0x08004bcc                TIM1_UP_IRQHandler
                0x08004bcc                WWDG_IRQHandler
                0x08004bcc                TIM1_BRK_IRQHandler
                0x08004bcc                EXTI1_IRQHandler
                0x08004bcc                RTCAlarm_IRQHandler
                0x08004bcc                USART2_IRQHandler
                0x08004bcc                I2C2_ER_IRQHandler
                0x08004bcc                DMA1_Channel2_IRQHandler
                0x08004bcc                CAN1_SCE_IRQHandler
                0x08004bcc                FLASH_IRQHandler
                0x08004bcc                BusFault_Handler
                0x08004bcc                USART1_IRQHandler
                0x08004bcc                I2C1_ER_IRQHandler
                0x08004bcc                USBWakeUp_IRQHandler
 *fill*         0x08004bce        0x2 
 .text.__libc_init_array
                0x08004bd0       0x48 d:/ac6/systemworkbench/plugins/fr.ac6.mcu.externaltools.arm-none.win32_1.16.0.201807130628/tools/compiler/bin/../lib/gcc/arm-none-eabi/7.2.1/../../../../arm-none-eabi/lib/thumb/v7-m\libc.a(lib_a-init.o)
                0x08004bd0                __libc_init_array
 .text.memset   0x08004c18       0x94 d:/ac6/systemworkbench/plugins/fr.ac6.mcu.externaltools.arm-none.win32_1.16.0.201807130628/tools/compiler/bin/../lib/gcc/arm-none-eabi/7.2.1/../../../../arm-none-eabi/lib/thumb/v7-m\libc.a(lib_a-memset.o)
                0x08004c18                memset
 .text.startup.register_fini
                0x08004cac       0x14 d:/ac6/systemworkbench/plugins/fr.ac6.mcu.externaltools.arm-none.win32_1.16.0.201807130628/tools/compiler/bin/../lib/gcc/arm-none-eabi/7.2.1/../../../../arm-none-eabi/lib/thumb/v7-m\libc.a(lib_a-__call_atexit.o)
 .text.atexit   0x08004cc0        0xc d:/ac6/systemworkbench/plugins/fr.ac6.mcu.externaltools.arm-none.win32_1.16.0.201807130628/tools/compiler/bin/../lib/gcc/arm-none-eabi/7.2.1/../../../../arm-none-eabi/lib/thumb/v7-m\libc.a(lib_a-atexit.o)
                0x08004cc0                atexit
 .text.__libc_fini_array
                0x08004ccc       0x34 d:/ac6/systemworkbench/plugins/fr.ac6.mcu.externaltools.arm-none.win32_1.16.0.201807130628/tools/compiler/bin/../lib/gcc/arm-none-eabi/7.2.1/../../../../arm-none-eabi/lib/thumb/v7-m\libc.a(lib_a-fini.o)
                0x08004ccc                __libc_fini_array
 .text.__retarget_lock_acquire_recursive
                0x08004d00        0x4 d:/ac6/systemworkbench/plugins/fr.ac6.mcu.externaltools.arm-none.win32_1.16.0.201807130628/tools/compiler/bin/../lib/gcc/arm-none-eabi/7.2.1/../../../../arm-none-eabi/lib/thumb/v7-m\libc.a(lib_a-lock.o)
                0x08004d00                __retarget_lock_acquire_recursive
 .text.__retarget_lock_release_recursive
                0x08004d04        0x4 d:/ac6/systemworkbench/plugins/fr.ac6.mcu.externaltools.arm-none.win32_1.16.0.201807130628/tools/compiler/bin/../lib/gcc/arm-none-eabi/7.2.1/../../../../arm-none-eabi/lib/thumb/v7-m\libc.a(lib_a-lock.o)
                0x08004d04                __retarget_lock_release_recursive
 .text.__register_exitproc
                0x08004d08       0xc0 d:/ac6/systemworkbench/plugins/fr.ac6.mcu.externaltools.arm-none.win32_1.16.0.201807130628/tools/compiler/bin/../lib/gcc/arm-none-eabi/7.2.1/../../../../arm-none-eabi/lib/thumb/v7-m\libc.a(lib_a-__atexit.o)
                0x08004d08                __register_exitproc
 *(.glue_7)
 .glue_7        0x08004dc8        0x0 linker stubs
 *(.glue_7t)
 .glue_7t       0x08004dc8        0x0 linker stubs
 *(.eh_frame)
 .eh_frame      0x08004dc8        0x0 d:/ac6/systemworkbench/plugins/fr.ac6.mcu.externaltools.arm-none.win32_1.16.0.201807130628/tools/compiler/bin/../lib/gcc/arm-none-eabi/7.2.1/thumb/v7-m/crtbegin.o
 *(.init)
 .init          0x08004dc8        0x4 d:/ac6/systemworkbench/plugins/fr.ac6.mcu.externaltools.arm-none.win32_1.16.0.201807130628/tools/compiler/bin/../lib/gcc/arm-none-eabi/7.2.1/thumb/v7-m/crti.o
                0x08004dc8                _init
 .init          0x08004dcc        0x8 d:/ac6/systemworkbench/plugins/fr.ac6.mcu.externaltools.arm-none.win32_1.16.0.201807130628/tools/compiler/bin/../lib/gcc/arm-none-eabi/7.2.1/thumb/v7-m/crtn.o
 *(.fini)
 .fini          0x08004dd4        0x4 d:/ac6/systemworkbench/plugins/fr.ac6.mcu.externaltools.arm-none.win32_1.16.0.201807130628/tools/compiler/bin/../lib/gcc/arm-none-eabi/7.2.1/thumb/v7-m/crti.o
                0x08004dd4                _fini
 .fini          0x08004dd8        0x8 d:/ac6/systemworkbench/plugins/fr.ac6.mcu.externaltools.arm-none.win32_1.16.0.201807130628/tools/compiler/bin/../lib/gcc/arm-none-eabi/7.2.1/thumb/v7-m/crtn.o
                0x08004de0                . = ALIGN (0x4)
                0x08004de0                _etext = .

.vfp11_veneer   0x08004de0        0x0
 .vfp11_veneer  0x08004de0        0x0 linker stubs

.v4_bx          0x08004de0        0x0
 .v4_bx         0x08004de0        0x0 linker stubs

.iplt           0x08004de0        0x0
 .iplt          0x08004de0        0x0 d:/ac6/systemworkbench/plugins/fr.ac6.mcu.externaltools.arm-none.win32_1.16.0.201807130628/tools/compiler/bin/../lib/gcc/arm-none-eabi/7.2.1/thumb/v7-m/crtbegin.o

.rodata         0x08004de0      0xfcc
                0x08004de0                . = ALIGN (0x4)
 *(.rodata)
 .rodata        0x08004de0      0xdc8 src/lcd_controller.o
                0x08004de0                furnace_error
                0x08004fd8                furnace_add_1
                0x080051d0                furnace_add_2
                0x080053c8                furnace_add_5
                0x080055c0                furnace_on
                0x080057b8                furnace_going
                0x080059b0                Start
 .rodata        0x08005ba8      0x200 src/modbus.o
 *(.rodata*)
 .rodata._global_impure_ptr
                0x08005da8        0x4 d:/ac6/systemworkbench/plugins/fr.ac6.mcu.externaltools.arm-none.win32_1.16.0.201807130628/tools/compiler/bin/../lib/gcc/arm-none-eabi/7.2.1/../../../../arm-none-eabi/lib/thumb/v7-m\libc.a(lib_a-impure.o)
                0x08005da8                _global_impure_ptr
                0x08005dac                . = ALIGN (0x4)

.rel.dyn        0x08005dac        0x0
 .rel.iplt      0x08005dac        0x0 d:/ac6/systemworkbench/plugins/fr.ac6.mcu.externaltools.arm-none.win32_1.16.0.201807130628/tools/compiler/bin/../lib/gcc/arm-none-eabi/7.2.1/thumb/v7-m/crtbegin.o

.ARM.extab
 *(.ARM.extab* .gnu.linkonce.armextab.*)

.ARM            0x08005dac        0x0
                0x08005dac                __exidx_start = .
 *(.ARM.exidx*)
                0x08005dac                __exidx_end = .

.preinit_array  0x08005dac        0x0
                0x08005dac                PROVIDE (__preinit_array_start, .)
 *(.preinit_array*)
                0x08005dac                PROVIDE (__preinit_array_end, .)

.init_array     0x08005dac        0x8
                0x08005dac                PROVIDE (__init_array_start, .)
 *(SORT_BY_NAME(.init_array.*))
 .init_array.00000
                0x08005dac        0x4 d:/ac6/systemworkbench/plugins/fr.ac6.mcu.externaltools.arm-none.win32_1.16.0.201807130628/tools/compiler/bin/../lib/gcc/arm-none-eabi/7.2.1/../../../../arm-none-eabi/lib/thumb/v7-m\libc.a(lib_a-__call_atexit.o)
 *(.init_array*)
 .init_array    0x08005db0        0x4 d:/ac6/systemworkbench/plugins/fr.ac6.mcu.externaltools.arm-none.win32_1.16.0.201807130628/tools/compiler/bin/../lib/gcc/arm-none-eabi/7.2.1/thumb/v7-m/crtbegin.o
                0x08005db4                PROVIDE (__init_array_end, .)

.fini_array     0x08005db4        0x4
                0x08005db4                PROVIDE (__fini_array_start, .)
 *(SORT_BY_NAME(.fini_array.*))
 *(.fini_array*)
 .fini_array    0x08005db4        0x4 d:/ac6/systemworkbench/plugins/fr.ac6.mcu.externaltools.arm-none.win32_1.16.0.201807130628/tools/compiler/bin/../lib/gcc/arm-none-eabi/7.2.1/thumb/v7-m/crtbegin.o
                0x08005db8                PROVIDE (__fini_array_end, .)
                0x08005db8                _sidata = LOADADDR (.data)

.data           0x20000c00      0x454 load address 0x08005db8
                0x20000c00                . = ALIGN (0x4)
                0x20000c00                _sdata = .
 *(.data)
 .data          0x20000c00       0x14 StdPeriph_Driver/src/stm32f10x_rcc.o
 .data          0x20000c14       0x14 src/system_stm32f10x.o
                0x20000c14                SystemCoreClock
                0x20000c18                AHBPrescTable
 *(.data*)
 .data.impure_data
                0x20000c28      0x428 d:/ac6/systemworkbench/plugins/fr.ac6.mcu.externaltools.arm-none.win32_1.16.0.201807130628/tools/compiler/bin/../lib/gcc/arm-none-eabi/7.2.1/../../../../arm-none-eabi/lib/thumb/v7-m\libc.a(lib_a-impure.o)
 .data.__atexit_recursive_mutex
                0x20001050        0x4 d:/ac6/systemworkbench/plugins/fr.ac6.mcu.externaltools.arm-none.win32_1.16.0.201807130628/tools/compiler/bin/../lib/gcc/arm-none-eabi/7.2.1/../../../../arm-none-eabi/lib/thumb/v7-m\libc.a(lib_a-__call_atexit.o)
                0x20001050                __atexit_recursive_mutex
                0x20001054                . = ALIGN (0x4)
                0x20001054                _edata = .

.igot.plt       0x20001054        0x0 load address 0x0800620c
 .igot.plt      0x20001054        0x0 d:/ac6/systemworkbench/plugins/fr.ac6.mcu.externaltools.arm-none.win32_1.16.0.201807130628/tools/compiler/bin/../lib/gcc/arm-none-eabi/7.2.1/thumb/v7-m/crtbegin.o
                0x20001054                . = ALIGN (0x4)

.bss            0x20001054      0x8b8 load address 0x0800620c
                0x20001054                _sbss = .
                0x20001054                __bss_start__ = _sbss
 *(.bss)
 .bss           0x20001054       0x1c d:/ac6/systemworkbench/plugins/fr.ac6.mcu.externaltools.arm-none.win32_1.16.0.201807130628/tools/compiler/bin/../lib/gcc/arm-none-eabi/7.2.1/thumb/v7-m/crtbegin.o
 .bss           0x20001070        0x4 src/help_library.o
                0x20001070                timer_ms
 .bss           0x20001074        0x8 src/modbus.o
                0x20001074                read_bufor_length
                0x20001078                send_bufor_length
 *(.bss*)
 *(COMMON)
 COMMON         0x2000107c       0x32 src/Initializations.o
                0x2000107c                exti
                0x20001084                nvic
                0x20001088                gpio
                0x2000108c                uart
                0x2000109c                spi
 *fill*         0x200010ae        0x2 
 COMMON         0x200010b0      0x1f8 src/lcd_controller.o
                0x200010b0                lcd_buffer
 COMMON         0x200012a8      0x640 src/main.o
                0x200012a8                send_bufor
                0x200013a8                coils
                0x200013c8                read_bufor
                0x200014c8                holding_register
                0x200016c8                input_register
                0x200018c8                discrete_inputs
 COMMON         0x200018e8       0x21 d:/ac6/systemworkbench/plugins/fr.ac6.mcu.externaltools.arm-none.win32_1.16.0.201807130628/tools/compiler/bin/../lib/gcc/arm-none-eabi/7.2.1/../../../../arm-none-eabi/lib/thumb/v7-m\libc.a(lib_a-lock.o)
                0x200018e8                __lock___atexit_recursive_mutex
                0x200018ec                __lock___arc4random_mutex
                0x200018f0                __lock___env_recursive_mutex
                0x200018f4                __lock___sinit_recursive_mutex
                0x200018f8                __lock___malloc_recursive_mutex
                0x200018fc                __lock___at_quick_exit_mutex
                0x20001900                __lock___dd_hash_mutex
                0x20001904                __lock___tz_mutex
                0x20001908                __lock___sfp_recursive_mutex
                0x2000190c                . = ALIGN (0x4)
 *fill*         0x20001909        0x3 
                0x2000190c                _ebss = .
                0x2000190c                __bss_end__ = _ebss

._user_heap_stack
                0x2000190c      0x104 load address 0x0800620c
                0x20001910                . = ALIGN (0x8)
 *fill*         0x2000190c        0x4 
                0x20001910                PROVIDE (end, .)
                [!provide]                PROVIDE (_end, .)
                0x20001910                . = (. + _Min_Heap_Size)
                0x20001a10                . = (. + _Min_Stack_Size)
 *fill*         0x20001910      0x100 
                0x20001a10                . = ALIGN (0x8)

.memory_b1_text
 *(.mb1text)
 *(.mb1text*)
 *(.mb1rodata)
 *(.mb1rodata*)

/DISCARD/
 libc.a(*)
 libm.a(*)
 libgcc.a(*)

.ARM.attributes
                0x00000000       0x29
 *(.ARM.attributes)
 .ARM.attributes
                0x00000000       0x1d d:/ac6/systemworkbench/plugins/fr.ac6.mcu.externaltools.arm-none.win32_1.16.0.201807130628/tools/compiler/bin/../lib/gcc/arm-none-eabi/7.2.1/thumb/v7-m/crti.o
 .ARM.attributes
                0x0000001d       0x2d d:/ac6/systemworkbench/plugins/fr.ac6.mcu.externaltools.arm-none.win32_1.16.0.201807130628/tools/compiler/bin/../lib/gcc/arm-none-eabi/7.2.1/thumb/v7-m/crtbegin.o
 .ARM.attributes
                0x0000004a       0x33 StdPeriph_Driver/src/stm32f10x_adc.o
 .ARM.attributes
                0x0000007d       0x33 StdPeriph_Driver/src/stm32f10x_gpio.o
 .ARM.attributes
                0x000000b0       0x33 StdPeriph_Driver/src/stm32f10x_rcc.o
 .ARM.attributes
                0x000000e3       0x33 StdPeriph_Driver/src/stm32f10x_spi.o
 .ARM.attributes
                0x00000116       0x33 StdPeriph_Driver/src/stm32f10x_tim.o
 .ARM.attributes
                0x00000149       0x33 StdPeriph_Driver/src/stm32f10x_usart.o
 .ARM.attributes
                0x0000017c       0x33 src/Initializations.o
 .ARM.attributes
                0x000001af       0x33 src/help_library.o
 .ARM.attributes
                0x000001e2       0x33 src/lcd_controller.o
 .ARM.attributes
                0x00000215       0x33 src/main.o
 .ARM.attributes
                0x00000248       0x33 src/modbus.o
 .ARM.attributes
                0x0000027b       0x33 src/system_stm32f10x.o
 .ARM.attributes
                0x000002ae       0x21 startup/startup_stm32f10x_md.o
 .ARM.attributes
                0x000002cf       0x2d d:/ac6/systemworkbench/plugins/fr.ac6.mcu.externaltools.arm-none.win32_1.16.0.201807130628/tools/compiler/bin/../lib/gcc/arm-none-eabi/7.2.1/../../../../arm-none-eabi/lib/thumb/v7-m\libc.a(lib_a-impure.o)
 .ARM.attributes
                0x000002fc       0x2d d:/ac6/systemworkbench/plugins/fr.ac6.mcu.externaltools.arm-none.win32_1.16.0.201807130628/tools/compiler/bin/../lib/gcc/arm-none-eabi/7.2.1/../../../../arm-none-eabi/lib/thumb/v7-m\libc.a(lib_a-init.o)
 .ARM.attributes
                0x00000329       0x1b d:/ac6/systemworkbench/plugins/fr.ac6.mcu.externaltools.arm-none.win32_1.16.0.201807130628/tools/compiler/bin/../lib/gcc/arm-none-eabi/7.2.1/../../../../arm-none-eabi/lib/thumb/v7-m\libc.a(lib_a-memcpy.o)
 .ARM.attributes
                0x00000344       0x2d d:/ac6/systemworkbench/plugins/fr.ac6.mcu.externaltools.arm-none.win32_1.16.0.201807130628/tools/compiler/bin/../lib/gcc/arm-none-eabi/7.2.1/../../../../arm-none-eabi/lib/thumb/v7-m\libc.a(lib_a-memset.o)
 .ARM.attributes
                0x00000371       0x2d d:/ac6/systemworkbench/plugins/fr.ac6.mcu.externaltools.arm-none.win32_1.16.0.201807130628/tools/compiler/bin/../lib/gcc/arm-none-eabi/7.2.1/../../../../arm-none-eabi/lib/thumb/v7-m\libc.a(lib_a-__call_atexit.o)
 .ARM.attributes
                0x0000039e       0x2d d:/ac6/systemworkbench/plugins/fr.ac6.mcu.externaltools.arm-none.win32_1.16.0.201807130628/tools/compiler/bin/../lib/gcc/arm-none-eabi/7.2.1/../../../../arm-none-eabi/lib/thumb/v7-m\libc.a(lib_a-atexit.o)
 .ARM.attributes
                0x000003cb       0x2d d:/ac6/systemworkbench/plugins/fr.ac6.mcu.externaltools.arm-none.win32_1.16.0.201807130628/tools/compiler/bin/../lib/gcc/arm-none-eabi/7.2.1/../../../../arm-none-eabi/lib/thumb/v7-m\libc.a(lib_a-fini.o)
 .ARM.attributes
                0x000003f8       0x2d d:/ac6/systemworkbench/plugins/fr.ac6.mcu.externaltools.arm-none.win32_1.16.0.201807130628/tools/compiler/bin/../lib/gcc/arm-none-eabi/7.2.1/../../../../arm-none-eabi/lib/thumb/v7-m\libc.a(lib_a-lock.o)
 .ARM.attributes
                0x00000425       0x2d d:/ac6/systemworkbench/plugins/fr.ac6.mcu.externaltools.arm-none.win32_1.16.0.201807130628/tools/compiler/bin/../lib/gcc/arm-none-eabi/7.2.1/../../../../arm-none-eabi/lib/thumb/v7-m\libc.a(lib_a-__atexit.o)
 .ARM.attributes
                0x00000452       0x1d d:/ac6/systemworkbench/plugins/fr.ac6.mcu.externaltools.arm-none.win32_1.16.0.201807130628/tools/compiler/bin/../lib/gcc/arm-none-eabi/7.2.1/thumb/v7-m/crtn.o
OUTPUT(ModbusImplementation.elf elf32-littlearm)

.debug_info     0x00000000     0x8ee2
 .debug_info    0x00000000      0xb86 StdPeriph_Driver/src/stm32f10x_adc.o
 .debug_info    0x00000b86      0x702 StdPeriph_Driver/src/stm32f10x_gpio.o
 .debug_info    0x00001288      0x8b2 StdPeriph_Driver/src/stm32f10x_rcc.o
 .debug_info    0x00001b3a      0x905 StdPeriph_Driver/src/stm32f10x_spi.o
 .debug_info    0x0000243f     0x1c6a StdPeriph_Driver/src/stm32f10x_tim.o
 .debug_info    0x000040a9      0x9fa StdPeriph_Driver/src/stm32f10x_usart.o
 .debug_info    0x00004aa3      0x99f src/Initializations.o
 .debug_info    0x00005442     0x1010 src/help_library.o
 .debug_info    0x00006452      0xdd1 src/lcd_controller.o
 .debug_info    0x00007223      0x848 src/main.o
 .debug_info    0x00007a6b      0xfdc src/modbus.o
 .debug_info    0x00008a47      0x479 src/system_stm32f10x.o
 .debug_info    0x00008ec0       0x22 startup/startup_stm32f10x_md.o

.debug_abbrev   0x00000000     0x181d
 .debug_abbrev  0x00000000      0x1b0 StdPeriph_Driver/src/stm32f10x_adc.o
 .debug_abbrev  0x000001b0      0x1e4 StdPeriph_Driver/src/stm32f10x_gpio.o
 .debug_abbrev  0x00000394      0x1d4 StdPeriph_Driver/src/stm32f10x_rcc.o
 .debug_abbrev  0x00000568      0x1b0 StdPeriph_Driver/src/stm32f10x_spi.o
 .debug_abbrev  0x00000718      0x1c8 StdPeriph_Driver/src/stm32f10x_tim.o
 .debug_abbrev  0x000008e0      0x194 StdPeriph_Driver/src/stm32f10x_usart.o
 .debug_abbrev  0x00000a74      0x1d8 src/Initializations.o
 .debug_abbrev  0x00000c4c      0x33b src/help_library.o
 .debug_abbrev  0x00000f87      0x2c5 src/lcd_controller.o
 .debug_abbrev  0x0000124c      0x16c src/main.o
 .debug_abbrev  0x000013b8      0x2e7 src/modbus.o
 .debug_abbrev  0x0000169f      0x16c src/system_stm32f10x.o
 .debug_abbrev  0x0000180b       0x12 startup/startup_stm32f10x_md.o

.debug_aranges  0x00000000      0xaa0
 .debug_aranges
                0x00000000      0x138 StdPeriph_Driver/src/stm32f10x_adc.o
 .debug_aranges
                0x00000138       0xa8 StdPeriph_Driver/src/stm32f10x_gpio.o
 .debug_aranges
                0x000001e0      0x118 StdPeriph_Driver/src/stm32f10x_rcc.o
 .debug_aranges
                0x000002f8       0xd0 StdPeriph_Driver/src/stm32f10x_spi.o
 .debug_aranges
                0x000003c8      0x2f0 StdPeriph_Driver/src/stm32f10x_tim.o
 .debug_aranges
                0x000006b8      0x100 StdPeriph_Driver/src/stm32f10x_usart.o
 .debug_aranges
                0x000007b8       0x50 src/Initializations.o
 .debug_aranges
                0x00000808       0xc0 src/help_library.o
 .debug_aranges
                0x000008c8       0x68 src/lcd_controller.o
 .debug_aranges
                0x00000930       0x20 src/main.o
 .debug_aranges
                0x00000950       0xf8 src/modbus.o
 .debug_aranges
                0x00000a48       0x30 src/system_stm32f10x.o
 .debug_aranges
                0x00000a78       0x28 startup/startup_stm32f10x_md.o

.debug_ranges   0x00000000      0x9d8
 .debug_ranges  0x00000000      0x128 StdPeriph_Driver/src/stm32f10x_adc.o
 .debug_ranges  0x00000128       0x98 StdPeriph_Driver/src/stm32f10x_gpio.o
 .debug_ranges  0x000001c0      0x108 StdPeriph_Driver/src/stm32f10x_rcc.o
 .debug_ranges  0x000002c8       0xc0 StdPeriph_Driver/src/stm32f10x_spi.o
 .debug_ranges  0x00000388      0x2e0 StdPeriph_Driver/src/stm32f10x_tim.o
 .debug_ranges  0x00000668       0xf0 StdPeriph_Driver/src/stm32f10x_usart.o
 .debug_ranges  0x00000758       0x40 src/Initializations.o
 .debug_ranges  0x00000798       0xb0 src/help_library.o
 .debug_ranges  0x00000848       0x58 src/lcd_controller.o
 .debug_ranges  0x000008a0       0x10 src/main.o
 .debug_ranges  0x000008b0       0xe8 src/modbus.o
 .debug_ranges  0x00000998       0x20 src/system_stm32f10x.o
 .debug_ranges  0x000009b8       0x20 startup/startup_stm32f10x_md.o

.debug_macro    0x00000000     0x37d4
 .debug_macro   0x00000000      0x29d StdPeriph_Driver/src/stm32f10x_adc.o
 .debug_macro   0x0000029d      0x144 StdPeriph_Driver/src/stm32f10x_adc.o
 .debug_macro   0x000003e1       0x8c StdPeriph_Driver/src/stm32f10x_adc.o
 .debug_macro   0x0000046d      0x1ed StdPeriph_Driver/src/stm32f10x_gpio.o
 .debug_macro   0x0000065a      0x2a7 StdPeriph_Driver/src/stm32f10x_gpio.o
 .debug_macro   0x00000901      0x2bb StdPeriph_Driver/src/stm32f10x_rcc.o
 .debug_macro   0x00000bbc      0x3dc StdPeriph_Driver/src/stm32f10x_rcc.o
 .debug_macro   0x00000f98      0x205 StdPeriph_Driver/src/stm32f10x_spi.o
 .debug_macro   0x0000119d      0x2be StdPeriph_Driver/src/stm32f10x_spi.o
 .debug_macro   0x0000145b      0x1b7 StdPeriph_Driver/src/stm32f10x_tim.o
 .debug_macro   0x00001612      0x70b StdPeriph_Driver/src/stm32f10x_tim.o
 .debug_macro   0x00001d1d      0x253 StdPeriph_Driver/src/stm32f10x_usart.o
 .debug_macro   0x00001f70      0x223 StdPeriph_Driver/src/stm32f10x_usart.o
 .debug_macro   0x00002193      0x1ad src/Initializations.o
 .debug_macro   0x00002340      0x157 src/Initializations.o
 .debug_macro   0x00002497       0x28 src/Initializations.o
 .debug_macro   0x000024bf      0x1a9 src/help_library.o
 .debug_macro   0x00002668       0x88 src/help_library.o
 .debug_macro   0x000026f0      0x2a6 src/lcd_controller.o
 .debug_macro   0x00002996       0x58 src/lcd_controller.o
 .debug_macro   0x000029ee       0x17 src/lcd_controller.o
 .debug_macro   0x00002a05       0x35 src/lcd_controller.o
 .debug_macro   0x00002a3a       0x9c src/lcd_controller.o
 .debug_macro   0x00002ad6      0x174 src/lcd_controller.o
 .debug_macro   0x00002c4a       0x58 src/lcd_controller.o
 .debug_macro   0x00002ca2       0x1f src/lcd_controller.o
 .debug_macro   0x00002cc1       0x43 src/lcd_controller.o
 .debug_macro   0x00002d04       0x20 src/lcd_controller.o
 .debug_macro   0x00002d24      0x18e src/lcd_controller.o
 .debug_macro   0x00002eb2      0x330 src/lcd_controller.o
 .debug_macro   0x000031e2       0x10 src/lcd_controller.o
 .debug_macro   0x000031f2       0x35 src/lcd_controller.o
 .debug_macro   0x00003227       0x22 src/lcd_controller.o
 .debug_macro   0x00003249      0x1c8 src/main.o
 .debug_macro   0x00003411       0x22 src/main.o
 .debug_macro   0x00003433       0x52 src/main.o
 .debug_macro   0x00003485      0x1b2 src/modbus.o
 .debug_macro   0x00003637      0x19d src/system_stm32f10x.o

.debug_line     0x00000000     0x662e
 .debug_line    0x00000000      0x8dd StdPeriph_Driver/src/stm32f10x_adc.o
 .debug_line    0x000008dd      0x772 StdPeriph_Driver/src/stm32f10x_gpio.o
 .debug_line    0x0000104f      0x86e StdPeriph_Driver/src/stm32f10x_rcc.o
 .debug_line    0x000018bd      0x7bd StdPeriph_Driver/src/stm32f10x_spi.o
 .debug_line    0x0000207a      0xef3 StdPeriph_Driver/src/stm32f10x_tim.o
 .debug_line    0x00002f6d      0x840 StdPeriph_Driver/src/stm32f10x_usart.o
 .debug_line    0x000037ad      0x6b6 src/Initializations.o
 .debug_line    0x00003e63      0x853 src/help_library.o
 .debug_line    0x000046b6      0x756 src/lcd_controller.o
 .debug_line    0x00004e0c      0x6c3 src/main.o
 .debug_line    0x000054cf      0xaf5 src/modbus.o
 .debug_line    0x00005fc4      0x5ec src/system_stm32f10x.o
 .debug_line    0x000065b0       0x7e startup/startup_stm32f10x_md.o

.debug_str      0x00000000    0x56b44
 .debug_str     0x00000000    0x4fa8b StdPeriph_Driver/src/stm32f10x_adc.o
                              0x4fc35 (size before relaxing)
 .debug_str     0x0004fa8b      0x5ae StdPeriph_Driver/src/stm32f10x_gpio.o
                              0x4f659 (size before relaxing)
 .debug_str     0x00050039      0xb54 StdPeriph_Driver/src/stm32f10x_rcc.o
                              0x4fc3f (size before relaxing)
 .debug_str     0x00050b8d      0x5fd StdPeriph_Driver/src/stm32f10x_spi.o
                              0x4f759 (size before relaxing)
 .debug_str     0x0005118a      0xbed StdPeriph_Driver/src/stm32f10x_tim.o
                              0x4fd5d (size before relaxing)
 .debug_str     0x00051d77      0x7e9 StdPeriph_Driver/src/stm32f10x_usart.o
                              0x4f969 (size before relaxing)
 .debug_str     0x00052560      0xb95 src/Initializations.o
                              0x4feed (size before relaxing)
 .debug_str     0x000530f5      0x30f src/help_library.o
                              0x501d2 (size before relaxing)
 .debug_str     0x00053404     0x30d3 src/lcd_controller.o
                              0x52386 (size before relaxing)
 .debug_str     0x000564d7      0x20b src/main.o
                              0x4ff0e (size before relaxing)
 .debug_str     0x000566e2      0x3c6 src/modbus.o
                              0x500f0 (size before relaxing)
 .debug_str     0x00056aa8       0x6b src/system_stm32f10x.o
                              0x4f1ce (size before relaxing)
 .debug_str     0x00056b13       0x31 startup/startup_stm32f10x_md.o
                                 0x5b (size before relaxing)

.comment        0x00000000       0x7e
 .comment       0x00000000       0x7e StdPeriph_Driver/src/stm32f10x_adc.o
                                 0x7f (size before relaxing)
 .comment       0x0000007e       0x7f StdPeriph_Driver/src/stm32f10x_gpio.o
 .comment       0x0000007e       0x7f StdPeriph_Driver/src/stm32f10x_rcc.o
 .comment       0x0000007e       0x7f StdPeriph_Driver/src/stm32f10x_spi.o
 .comment       0x0000007e       0x7f StdPeriph_Driver/src/stm32f10x_tim.o
 .comment       0x0000007e       0x7f StdPeriph_Driver/src/stm32f10x_usart.o
 .comment       0x0000007e       0x7f src/Initializations.o
 .comment       0x0000007e       0x7f src/help_library.o
 .comment       0x0000007e       0x7f src/lcd_controller.o
 .comment       0x0000007e       0x7f src/main.o
 .comment       0x0000007e       0x7f src/modbus.o
 .comment       0x0000007e       0x7f src/system_stm32f10x.o

.debug_frame    0x00000000     0x2fe4
 .debug_frame   0x00000000      0x5a4 StdPeriph_Driver/src/stm32f10x_adc.o
 .debug_frame   0x000005a4      0x2d0 StdPeriph_Driver/src/stm32f10x_gpio.o
 .debug_frame   0x00000874      0x4f4 StdPeriph_Driver/src/stm32f10x_rcc.o
 .debug_frame   0x00000d68      0x3a0 StdPeriph_Driver/src/stm32f10x_spi.o
 .debug_frame   0x00001108      0xe2c StdPeriph_Driver/src/stm32f10x_tim.o
 .debug_frame   0x00001f34      0x490 StdPeriph_Driver/src/stm32f10x_usart.o
 .debug_frame   0x000023c4       0xe8 src/Initializations.o
 .debug_frame   0x000024ac      0x2e4 src/help_library.o
 .debug_frame   0x00002790      0x174 src/lcd_controller.o
 .debug_frame   0x00002904       0x30 src/main.o
 .debug_frame   0x00002934      0x43c src/modbus.o
 .debug_frame   0x00002d70       0x7c src/system_stm32f10x.o
 .debug_frame   0x00002dec       0x2c d:/ac6/systemworkbench/plugins/fr.ac6.mcu.externaltools.arm-none.win32_1.16.0.201807130628/tools/compiler/bin/../lib/gcc/arm-none-eabi/7.2.1/../../../../arm-none-eabi/lib/thumb/v7-m\libc.a(lib_a-init.o)
 .debug_frame   0x00002e18       0x38 d:/ac6/systemworkbench/plugins/fr.ac6.mcu.externaltools.arm-none.win32_1.16.0.201807130628/tools/compiler/bin/../lib/gcc/arm-none-eabi/7.2.1/../../../../arm-none-eabi/lib/thumb/v7-m\libc.a(lib_a-memset.o)
 .debug_frame   0x00002e50       0x5c d:/ac6/systemworkbench/plugins/fr.ac6.mcu.externaltools.arm-none.win32_1.16.0.201807130628/tools/compiler/bin/../lib/gcc/arm-none-eabi/7.2.1/../../../../arm-none-eabi/lib/thumb/v7-m\libc.a(lib_a-__call_atexit.o)
 .debug_frame   0x00002eac       0x20 d:/ac6/systemworkbench/plugins/fr.ac6.mcu.externaltools.arm-none.win32_1.16.0.201807130628/tools/compiler/bin/../lib/gcc/arm-none-eabi/7.2.1/../../../../arm-none-eabi/lib/thumb/v7-m\libc.a(lib_a-atexit.o)
 .debug_frame   0x00002ecc       0x34 d:/ac6/systemworkbench/plugins/fr.ac6.mcu.externaltools.arm-none.win32_1.16.0.201807130628/tools/compiler/bin/../lib/gcc/arm-none-eabi/7.2.1/../../../../arm-none-eabi/lib/thumb/v7-m\libc.a(lib_a-fini.o)
 .debug_frame   0x00002f00       0xb0 d:/ac6/systemworkbench/plugins/fr.ac6.mcu.externaltools.arm-none.win32_1.16.0.201807130628/tools/compiler/bin/../lib/gcc/arm-none-eabi/7.2.1/../../../../arm-none-eabi/lib/thumb/v7-m\libc.a(lib_a-lock.o)
 .debug_frame   0x00002fb0       0x34 d:/ac6/systemworkbench/plugins/fr.ac6.mcu.externaltools.arm-none.win32_1.16.0.201807130628/tools/compiler/bin/../lib/gcc/arm-none-eabi/7.2.1/../../../../arm-none-eabi/lib/thumb/v7-m\libc.a(lib_a-__atexit.o)
